Archive member included to satisfy reference by file (symbol)

C:/ST/STM32CubeIDE_1.14.1/STM32CubeIDE/plugins/com.st.stm32cube.ide.mcu.externaltools.gnu-tools-for-stm32.11.3.rel1.win32_1.1.100.202309141235/tools/bin/../lib/gcc/arm-none-eabi/11.3.1/../../../../arm-none-eabi/lib/thumb/v7e-m+fp/hard\libc_nano.a(libc_a-exit.o)
                              C:/ST/STM32CubeIDE_1.14.1/STM32CubeIDE/plugins/com.st.stm32cube.ide.mcu.externaltools.gnu-tools-for-stm32.11.3.rel1.win32_1.1.100.202309141235/tools/bin/../lib/gcc/arm-none-eabi/11.3.1/../../../../arm-none-eabi/lib/thumb/v7e-m+fp/hard/crt0.o (exit)
C:/ST/STM32CubeIDE_1.14.1/STM32CubeIDE/plugins/com.st.stm32cube.ide.mcu.externaltools.gnu-tools-for-stm32.11.3.rel1.win32_1.1.100.202309141235/tools/bin/../lib/gcc/arm-none-eabi/11.3.1/../../../../arm-none-eabi/lib/thumb/v7e-m+fp/hard\libc_nano.a(libc_a-findfp.o)
                              C:/ST/STM32CubeIDE_1.14.1/STM32CubeIDE/plugins/com.st.stm32cube.ide.mcu.externaltools.gnu-tools-for-stm32.11.3.rel1.win32_1.1.100.202309141235/tools/bin/../lib/gcc/arm-none-eabi/11.3.1/../../../../arm-none-eabi/lib/thumb/v7e-m+fp/hard\libc_nano.a(libc_a-exit.o) (__stdio_exit_handler)
C:/ST/STM32CubeIDE_1.14.1/STM32CubeIDE/plugins/com.st.stm32cube.ide.mcu.externaltools.gnu-tools-for-stm32.11.3.rel1.win32_1.1.100.202309141235/tools/bin/../lib/gcc/arm-none-eabi/11.3.1/../../../../arm-none-eabi/lib/thumb/v7e-m+fp/hard\libc_nano.a(libc_a-fwalk.o)
                              C:/ST/STM32CubeIDE_1.14.1/STM32CubeIDE/plugins/com.st.stm32cube.ide.mcu.externaltools.gnu-tools-for-stm32.11.3.rel1.win32_1.1.100.202309141235/tools/bin/../lib/gcc/arm-none-eabi/11.3.1/../../../../arm-none-eabi/lib/thumb/v7e-m+fp/hard\libc_nano.a(libc_a-findfp.o) (_fwalk_sglue)
C:/ST/STM32CubeIDE_1.14.1/STM32CubeIDE/plugins/com.st.stm32cube.ide.mcu.externaltools.gnu-tools-for-stm32.11.3.rel1.win32_1.1.100.202309141235/tools/bin/../lib/gcc/arm-none-eabi/11.3.1/../../../../arm-none-eabi/lib/thumb/v7e-m+fp/hard\libc_nano.a(libc_a-puts.o)
                              ./Core/Src/main.o (puts)
C:/ST/STM32CubeIDE_1.14.1/STM32CubeIDE/plugins/com.st.stm32cube.ide.mcu.externaltools.gnu-tools-for-stm32.11.3.rel1.win32_1.1.100.202309141235/tools/bin/../lib/gcc/arm-none-eabi/11.3.1/../../../../arm-none-eabi/lib/thumb/v7e-m+fp/hard\libc_nano.a(libc_a-stdio.o)
                              C:/ST/STM32CubeIDE_1.14.1/STM32CubeIDE/plugins/com.st.stm32cube.ide.mcu.externaltools.gnu-tools-for-stm32.11.3.rel1.win32_1.1.100.202309141235/tools/bin/../lib/gcc/arm-none-eabi/11.3.1/../../../../arm-none-eabi/lib/thumb/v7e-m+fp/hard\libc_nano.a(libc_a-findfp.o) (__sread)
C:/ST/STM32CubeIDE_1.14.1/STM32CubeIDE/plugins/com.st.stm32cube.ide.mcu.externaltools.gnu-tools-for-stm32.11.3.rel1.win32_1.1.100.202309141235/tools/bin/../lib/gcc/arm-none-eabi/11.3.1/../../../../arm-none-eabi/lib/thumb/v7e-m+fp/hard\libc_nano.a(libc_a-wbuf.o)
                              C:/ST/STM32CubeIDE_1.14.1/STM32CubeIDE/plugins/com.st.stm32cube.ide.mcu.externaltools.gnu-tools-for-stm32.11.3.rel1.win32_1.1.100.202309141235/tools/bin/../lib/gcc/arm-none-eabi/11.3.1/../../../../arm-none-eabi/lib/thumb/v7e-m+fp/hard\libc_nano.a(libc_a-puts.o) (__swbuf_r)
C:/ST/STM32CubeIDE_1.14.1/STM32CubeIDE/plugins/com.st.stm32cube.ide.mcu.externaltools.gnu-tools-for-stm32.11.3.rel1.win32_1.1.100.202309141235/tools/bin/../lib/gcc/arm-none-eabi/11.3.1/../../../../arm-none-eabi/lib/thumb/v7e-m+fp/hard\libc_nano.a(libc_a-wsetup.o)
                              C:/ST/STM32CubeIDE_1.14.1/STM32CubeIDE/plugins/com.st.stm32cube.ide.mcu.externaltools.gnu-tools-for-stm32.11.3.rel1.win32_1.1.100.202309141235/tools/bin/../lib/gcc/arm-none-eabi/11.3.1/../../../../arm-none-eabi/lib/thumb/v7e-m+fp/hard\libc_nano.a(libc_a-puts.o) (__swsetup_r)
C:/ST/STM32CubeIDE_1.14.1/STM32CubeIDE/plugins/com.st.stm32cube.ide.mcu.externaltools.gnu-tools-for-stm32.11.3.rel1.win32_1.1.100.202309141235/tools/bin/../lib/gcc/arm-none-eabi/11.3.1/../../../../arm-none-eabi/lib/thumb/v7e-m+fp/hard\libc_nano.a(libc_a-memset.o)
                              C:/ST/STM32CubeIDE_1.14.1/STM32CubeIDE/plugins/com.st.stm32cube.ide.mcu.externaltools.gnu-tools-for-stm32.11.3.rel1.win32_1.1.100.202309141235/tools/bin/../lib/gcc/arm-none-eabi/11.3.1/../../../../arm-none-eabi/lib/thumb/v7e-m+fp/hard/crt0.o (memset)
C:/ST/STM32CubeIDE_1.14.1/STM32CubeIDE/plugins/com.st.stm32cube.ide.mcu.externaltools.gnu-tools-for-stm32.11.3.rel1.win32_1.1.100.202309141235/tools/bin/../lib/gcc/arm-none-eabi/11.3.1/../../../../arm-none-eabi/lib/thumb/v7e-m+fp/hard\libc_nano.a(libc_a-closer.o)
                              C:/ST/STM32CubeIDE_1.14.1/STM32CubeIDE/plugins/com.st.stm32cube.ide.mcu.externaltools.gnu-tools-for-stm32.11.3.rel1.win32_1.1.100.202309141235/tools/bin/../lib/gcc/arm-none-eabi/11.3.1/../../../../arm-none-eabi/lib/thumb/v7e-m+fp/hard\libc_nano.a(libc_a-stdio.o) (_close_r)
[...]
Memory Configuration

Name             Origin             Length             Attributes
RAM              0x0000000020000000 0x0000000000020000 xrw
FLASH            0x0000000008000000 0x0000000000080000 xr
*default*        0x0000000000000000 0xffffffffffffffff

Linker script and memory map

LOAD C:/ST/STM32CubeIDE_1.14.1/STM32CubeIDE/plugins/com.st.stm32cube.ide.mcu.externaltools.gnu-tools-for-stm32.11.3.rel1.win32_1.1.100.202309141235/tools/bin/../lib/gcc/arm-none-eabi/11.3.1/thumb/v7e-m+fp/hard/crti.o
LOAD C:/ST/STM32CubeIDE_1.14.1/STM32CubeIDE/plugins/com.st.stm32cube.ide.mcu.externaltools.gnu-tools-for-stm32.11.3.rel1.win32_1.1.100.202309141235/tools/bin/../lib/gcc/arm-none-eabi/11.3.1/thumb/v7e-m+fp/hard/crtbegin.o
LOAD C:/ST/STM32CubeIDE_1.14.1/STM32CubeIDE/plugins/com.st.stm32cube.ide.mcu.externaltools.gnu-tools-for-stm32.11.3.rel1.win32_1.1.100.202309141235/tools/bin/../lib/gcc/arm-none-eabi/11.3.1/../../../../arm-none-eabi/lib/thumb/v7e-m+fp/hard/crt0.o
LOAD ./Core/Src/main.o
LOAD ./Core/Src/stm32f4xx_hal_msp.o
LOAD ./Core/Src/stm32f4xx_it.o
LOAD ./Core/Src/syscalls.o
LOAD ./Core/Src/sysmem.o
LOAD ./Core/Src/system_stm32f4xx.o
LOAD ./Core/Startup/startup_stm32f446retx.o
LOAD ./Drivers/STM32F4xx_HAL_Driver/Src/stm32f4xx_hal.o
LOAD ./Drivers/STM32F4xx_HAL_Driver/Src/stm32f4xx_hal_adc.o
LOAD ./Drivers/STM32F4xx_HAL_Driver/Src/stm32f4xx_hal_adc_ex.o
LOAD ./Drivers/STM32F4xx_HAL_Driver/Src/stm32f4xx_hal_cortex.o
LOAD ./Drivers/STM32F4xx_HAL_Driver/Src/stm32f4xx_hal_dma.o
LOAD ./Drivers/STM32F4xx_HAL_Driver/Src/stm32f4xx_hal_dma_ex.o
LOAD ./Drivers/STM32F4xx_HAL_Driver/Src/stm32f4xx_hal_exti.o
LOAD ./Drivers/STM32F4xx_HAL_Driver/Src/stm32f4xx_hal_flash.o
LOAD ./Drivers/STM32F4xx_HAL_Driver/Src/stm32f4xx_hal_flash_ex.o
LOAD ./Drivers/STM32F4xx_HAL_Driver/Src/stm32f4xx_hal_flash_ramfunc.o
LOAD ./Drivers/STM32F4xx_HAL_Driver/Src/stm32f4xx_hal_gpio.o
LOAD ./Drivers/STM32F4xx_HAL_Driver/Src/stm32f4xx_hal_i2c.o
LOAD ./Drivers/STM32F4xx_HAL_Driver/Src/stm32f4xx_hal_i2c_ex.o
LOAD ./Drivers/STM32F4xx_HAL_Driver/Src/stm32f4xx_hal_i2s.o
LOAD ./Drivers/STM32F4xx_HAL_Driver/Src/stm32f4xx_hal_i2s_ex.o
LOAD ./Drivers/STM32F4xx_HAL_Driver/Src/stm32f4xx_hal_pwr.o
LOAD ./Drivers/STM32F4xx_HAL_Driver/Src/stm32f4xx_hal_pwr_ex.o
LOAD ./Drivers/STM32F4xx_HAL_Driver/Src/stm32f4xx_hal_rcc.o
LOAD ./Drivers/STM32F4xx_HAL_Driver/Src/stm32f4xx_hal_rcc_ex.o
LOAD ./Drivers/STM32F4xx_HAL_Driver/Src/stm32f4xx_hal_rtc.o
LOAD ./Drivers/STM32F4xx_HAL_Driver/Src/stm32f4xx_hal_rtc_ex.o
LOAD ./Drivers/STM32F4xx_HAL_Driver/Src/stm32f4xx_hal_spi.o
LOAD ./Drivers/STM32F4xx_HAL_Driver/Src/stm32f4xx_hal_tim.o
LOAD ./Drivers/STM32F4xx_HAL_Driver/Src/stm32f4xx_hal_tim_ex.o
LOAD ./Drivers/STM32F4xx_HAL_Driver/Src/stm32f4xx_hal_uart.o
LOAD ./Drivers/STM32F4xx_HAL_Driver/Src/stm32f4xx_ll_adc.o
START GROUP
LOAD C:/ST/STM32CubeIDE_1.14.1/STM32CubeIDE/plugins/com.st.stm32cube.ide.mcu.externaltools.gnu-tools-for-stm32.11.3.rel1.win32_1.1.100.202309141235/tools/bin/../lib/gcc/arm-none-eabi/11.3.1/../../../../arm-none-eabi/lib/thumb/v7e-m+fp/hard\libc_nano.a
LOAD C:/ST/STM32CubeIDE_1.14.1/STM32CubeIDE/plugins/com.st.stm32cube.ide.mcu.externaltools.gnu-tools-for-stm32.11.3.rel1.win32_1.1.100.202309141235/tools/bin/../lib/gcc/arm-none-eabi/11.3.1/../../../../arm-none-eabi/lib/thumb/v7e-m+fp/hard\libm.a
END GROUP
START GROUP
LOAD C:/ST/STM32CubeIDE_1.14.1/STM32CubeIDE/plugins/com.st.stm32cube.ide.mcu.externaltools.gnu-tools-for-stm32.11.3.rel1.win32_1.1.100.202309141235/tools/bin/../lib/gcc/arm-none-eabi/11.3.1/thumb/v7e-m+fp/hard\libgcc.a
LOAD C:/ST/STM32CubeIDE_1.14.1/STM32CubeIDE/plugins/com.st.stm32cube.ide.mcu.externaltools.gnu-tools-for-stm32.11.3.rel1.win32_1.1.100.202309141235/tools/bin/../lib/gcc/arm-none-eabi/11.3.1/../../../../arm-none-eabi/lib/thumb/v7e-m+fp/hard\libc_nano.a
END GROUP
START GROUP
LOAD C:/ST/STM32CubeIDE_1.14.1/STM32CubeIDE/plugins/com.st.stm32cube.ide.mcu.externaltools.gnu-tools-for-stm32.11.3.rel1.win32_1.1.100.202309141235/tools/bin/../lib/gcc/arm-none-eabi/11.3.1/thumb/v7e-m+fp/hard\libgcc.a
LOAD C:/ST/STM32CubeIDE_1.14.1/STM32CubeIDE/plugins/com.st.stm32cube.ide.mcu.externaltools.gnu-tools-for-stm32.11.3.rel1.win32_1.1.100.202309141235/tools/bin/../lib/gcc/arm-none-eabi/11.3.1/../../../../arm-none-eabi/lib/thumb/v7e-m+fp/hard\libc_nano.a
LOAD C:/ST/STM32CubeIDE_1.14.1/STM32CubeIDE/plugins/com.st.stm32cube.ide.mcu.externaltools.gnu-tools-for-stm32.11.3.rel1.win32_1.1.100.202309141235/tools/bin/../lib/gcc/arm-none-eabi/11.3.1/../../../../arm-none-eabi/lib/thumb/v7e-m+fp/hard\libnosys.a
END GROUP
START GROUP
LOAD C:/ST/STM32CubeIDE_1.14.1/STM32CubeIDE/plugins/com.st.stm32cube.ide.mcu.externaltools.gnu-tools-for-stm32.11.3.rel1.win32_1.1.100.202309141235/tools/bin/../lib/gcc/arm-none-eabi/11.3.1/thumb/v7e-m+fp/hard\libgcc.a
LOAD C:/ST/STM32CubeIDE_1.14.1/STM32CubeIDE/plugins/com.st.stm32cube.ide.mcu.externaltools.gnu-tools-for-stm32.11.3.rel1.win32_1.1.100.202309141235/tools/bin/../lib/gcc/arm-none-eabi/11.3.1/../../../../arm-none-eabi/lib/thumb/v7e-m+fp/hard\libc_nano.a
LOAD C:/ST/STM32CubeIDE_1.14.1/STM32CubeIDE/plugins/com.st.stm32cube.ide.mcu.externaltools.gnu-tools-for-stm32.11.3.rel1.win32_1.1.100.202309141235/tools/bin/../lib/gcc/arm-none-eabi/11.3.1/../../../../arm-none-eabi/lib/thumb/v7e-m+fp/hard\libnosys.a
END GROUP
LOAD C:/ST/STM32CubeIDE_1.14.1/STM32CubeIDE/plugins/com.st.stm32cube.ide.mcu.externaltools.gnu-tools-for-stm32.11.3.rel1.win32_1.1.100.202309141235/tools/bin/../lib/gcc/arm-none-eabi/11.3.1/thumb/v7e-m+fp/hard/crtend.o
LOAD C:/ST/STM32CubeIDE_1.14.1/STM32CubeIDE/plugins/com.st.stm32cube.ide.mcu.externaltools.gnu-tools-for-stm32.11.3.rel1.win32_1.1.100.202309141235/tools/bin/../lib/gcc/arm-none-eabi/11.3.1/thumb/v7e-m+fp/hard/crtn.o
                0x0000000020020000                _estack = (ORIGIN (RAM) + LENGTH (RAM))
                0x0000000000000200                _Min_Heap_Size = 0x200
                0x0000000000000400                _Min_Stack_Size = 0x400

.isr_vector     0x0000000008000000      0x1c4
                0x0000000008000000                . = ALIGN (0x4)
 *(.isr_vector)
 .isr_vector    0x0000000008000000      0x1c4 ./Core/Startup/startup_stm32f446retx.o
                0x0000000008000000                g_pfnVectors
                0x00000000080001c4                . = ALIGN (0x4)

.text           0x00000000080001c4     0x5188
                0x00000000080001c4                . = ALIGN (0x4)
 *(.text)
 .text          0x00000000080001c4       0x40 C:/ST/STM32CubeIDE_1.14.1/STM32CubeIDE/plugins/com.st.stm32cube.ide.mcu.externaltools.gnu-tools-for-stm32.11.3.rel1.win32_1.1.100.202309141235/tools/bin/../lib/gcc/arm-none-eabi/11.3.1/thumb/v7e-m+fp/hard/crtbegin.o
 .text          0x0000000008000204       0x30 C:/ST/STM32CubeIDE_1.14.1/STM32CubeIDE/plugins/com.st.stm32cube.ide.mcu.externaltools.gnu-tools-for-stm32.11.3.rel1.win32_1.1.100.202309141235/tools/bin/../lib/gcc/arm-none-eabi/11.3.1/thumb/v7e-m+fp/hard\libgcc.a(_aeabi_uldivmod.o)
                0x0000000008000204                __aeabi_uldivmod
 .text          0x0000000008000234      0x2c8 C:/ST/STM32CubeIDE_1.14.1/STM32CubeIDE/plugins/com.st.stm32cube.ide.mcu.externaltools.gnu-tools-for-stm32.11.3.rel1.win32_1.1.100.202309141235/tools/bin/../lib/gcc/arm-none-eabi/11.3.1/thumb/v7e-m+fp/hard\libgcc.a(_udivmoddi4.o)
                0x0000000008000234                __udivmoddi4
 .text          0x00000000080004fc        0x4 C:/ST/STM32CubeIDE_1.14.1/STM32CubeIDE/plugins/com.st.stm32cube.ide.mcu.externaltools.gnu-tools-for-stm32.11.3.rel1.win32_1.1.100.202309141235/tools/bin/../lib/gcc/arm-none-eabi/11.3.1/thumb/v7e-m+fp/hard\libgcc.a(_dvmd_tls.o)
                0x00000000080004fc                __aeabi_idiv0
                0x00000000080004fc                __aeabi_ldiv0
 *(.text*)
 .text.main     0x0000000008000500       0xe0 ./Core/Src/main.o
                0x0000000008000500                main
 .text.SystemClock_Config
                0x00000000080005e0       0xe0 ./Core/Src/main.o
                0x00000000080005e0                SystemClock_Config
 .text.MX_ADC1_Init
                0x00000000080006c0       0xa4 ./Core/Src/main.o
 .text.MX_I2C1_Init
                0x0000000008000764       0x5c ./Core/Src/main.o
 .text.MX_I2S3_Init
                0x00000000080007c0       0x5c ./Core/Src/main.o
 .text.MX_RTC_Init
                0x000000000800081c       0x4c ./Core/Src/main.o
 .text.MX_SPI2_Init
                0x0000000008000868       0x6c ./Core/Src/main.o
 .text.MX_UART5_Init
                0x00000000080008d4       0x54 ./Core/Src/main.o
 .text.MX_USART2_UART_Init
                0x0000000008000928       0x54 ./Core/Src/main.o
 .text.MX_USB_OTG_HS_USB_Init
                0x000000000800097c        0xe ./Core/Src/main.o
 *fill*         0x000000000800098a        0x2 
 .text.MX_GPIO_Init
                0x000000000800098c      0x120 ./Core/Src/main.o
 .text.Error_Handler
                0x0000000008000aac        0xa ./Core/Src/main.o
                0x0000000008000aac                Error_Handler
 *fill*         0x0000000008000ab6        0x2 
 .text.HAL_MspInit
                0x0000000008000ab8       0x50 ./Core/Src/stm32f4xx_hal_msp.o
                0x0000000008000ab8                HAL_MspInit
 .text.HAL_ADC_MspInit
                0x0000000008000b08       0x88 ./Core/Src/stm32f4xx_hal_msp.o
                0x0000000008000b08                HAL_ADC_MspInit
 .text.HAL_I2C_MspInit
                0x0000000008000b90       0x90 ./Core/Src/stm32f4xx_hal_msp.o
                0x0000000008000b90                HAL_I2C_MspInit
 .text.HAL_I2S_MspInit
                0x0000000008000c20      0x160 ./Core/Src/stm32f4xx_hal_msp.o
                0x0000000008000c20                HAL_I2S_MspInit
 .text.HAL_RTC_MspInit
                0x0000000008000d80       0x54 ./Core/Src/stm32f4xx_hal_msp.o
                0x0000000008000d80                HAL_RTC_MspInit
 .text.HAL_SPI_MspInit
                0x0000000008000dd4       0xf0 ./Core/Src/stm32f4xx_hal_msp.o
                0x0000000008000dd4                HAL_SPI_MspInit
 .text.HAL_UART_MspInit
                0x0000000008000ec4      0x13c ./Core/Src/stm32f4xx_hal_msp.o
                0x0000000008000ec4                HAL_UART_MspInit
 .text.NMI_Handler
                0x0000000008001000        0x6 ./Core/Src/stm32f4xx_it.o
                0x0000000008001000                NMI_Handler
 .text.HardFault_Handler
                0x0000000008001006        0x6 ./Core/Src/stm32f4xx_it.o
                0x0000000008001006                HardFault_Handler
 .text.MemManage_Handler
                0x000000000800100c        0x6 ./Core/Src/stm32f4xx_it.o
                0x000000000800100c                MemManage_Handler
 .text.BusFault_Handler
                0x0000000008001012        0x6 ./Core/Src/stm32f4xx_it.o
                0x0000000008001012                BusFault_Handler
 .text.UsageFault_Handler
                0x0000000008001018        0x6 ./Core/Src/stm32f4xx_it.o
                0x0000000008001018                UsageFault_Handler
 .text.SVC_Handler
                0x000000000800101e        0xe ./Core/Src/stm32f4xx_it.o
                0x000000000800101e                SVC_Handler
 .text.DebugMon_Handler
                0x000000000800102c        0xe ./Core/Src/stm32f4xx_it.o
                0x000000000800102c                DebugMon_Handler
 .text.PendSV_Handler
                0x000000000800103a        0xe ./Core/Src/stm32f4xx_it.o
                0x000000000800103a                PendSV_Handler
 .text.SysTick_Handler
                0x0000000008001048        0xc ./Core/Src/stm32f4xx_it.o
                0x0000000008001048                SysTick_Handler
 .text.SystemInit
                0x0000000008001054       0x24 ./Core/Src/system_stm32f4xx.o
                0x0000000008001054                SystemInit
 .text.Reset_Handler
                0x0000000008001078       0x50 ./Core/Startup/startup_stm32f446retx.o
                0x0000000008001078                Reset_Handler
 .text.Default_Handler
                0x00000000080010c8        0x2 ./Core/Startup/startup_stm32f446retx.o
                0x00000000080010c8                RTC_Alarm_IRQHandler
                0x00000000080010c8                EXTI2_IRQHandler
                0x00000000080010c8                TIM8_CC_IRQHandler
                0x00000000080010c8                FMPI2C1_EV_IRQHandler
                0x00000000080010c8                SPI4_IRQHandler
                0x00000000080010c8                TIM1_CC_IRQHandler
                0x00000000080010c8                DMA2_Stream5_IRQHandler
                0x00000000080010c8                DMA1_Stream5_IRQHandler
                0x00000000080010c8                PVD_IRQHandler
                0x00000000080010c8                SDIO_IRQHandler
                0x00000000080010c8                TAMP_STAMP_IRQHandler
                0x00000000080010c8                CAN2_RX1_IRQHandler
                0x00000000080010c8                EXTI3_IRQHandler
                0x00000000080010c8                TIM8_TRG_COM_TIM14_IRQHandler
                0x00000000080010c8                TIM1_UP_TIM10_IRQHandler
                0x00000000080010c8                TIM8_UP_TIM13_IRQHandler
                0x00000000080010c8                I2C3_ER_IRQHandler
                0x00000000080010c8                EXTI0_IRQHandler
                0x00000000080010c8                I2C2_EV_IRQHandler
                0x00000000080010c8                DMA1_Stream2_IRQHandler
                0x00000000080010c8                CAN1_RX0_IRQHandler
                0x00000000080010c8                FPU_IRQHandler
                0x00000000080010c8                OTG_HS_WKUP_IRQHandler
                0x00000000080010c8                CAN2_SCE_IRQHandler
                0x00000000080010c8                DMA2_Stream2_IRQHandler
                0x00000000080010c8                SPI1_IRQHandler
                0x00000000080010c8                TIM6_DAC_IRQHandler
                0x00000000080010c8                TIM1_BRK_TIM9_IRQHandler
                0x00000000080010c8                DCMI_IRQHandler
                0x00000000080010c8                CAN2_RX0_IRQHandler
                0x00000000080010c8                DMA2_Stream3_IRQHandler
                0x00000000080010c8                SAI2_IRQHandler
                0x00000000080010c8                USART6_IRQHandler
                0x00000000080010c8                USART3_IRQHandler
                0x00000000080010c8                CAN1_RX1_IRQHandler
                0x00000000080010c8                UART5_IRQHandler
                0x00000000080010c8                DMA2_Stream0_IRQHandler
                0x00000000080010c8                TIM4_IRQHandler
                0x00000000080010c8                QUADSPI_IRQHandler
                0x00000000080010c8                I2C1_EV_IRQHandler
                0x00000000080010c8                DMA1_Stream6_IRQHandler
                0x00000000080010c8                DMA1_Stream1_IRQHandler
                0x00000000080010c8                UART4_IRQHandler
                0x00000000080010c8                TIM3_IRQHandler
                0x00000000080010c8                RCC_IRQHandler
                0x00000000080010c8                TIM8_BRK_TIM12_IRQHandler
                0x00000000080010c8                Default_Handler
                0x00000000080010c8                CEC_IRQHandler
                0x00000000080010c8                EXTI15_10_IRQHandler
                0x00000000080010c8                ADC_IRQHandler
                0x00000000080010c8                DMA1_Stream7_IRQHandler
                0x00000000080010c8                TIM7_IRQHandler
                0x00000000080010c8                CAN2_TX_IRQHandler
                0x00000000080010c8                TIM5_IRQHandler
                0x00000000080010c8                DMA2_Stream7_IRQHandler
                0x00000000080010c8                I2C3_EV_IRQHandler
                0x00000000080010c8                EXTI9_5_IRQHandler
                0x00000000080010c8                RTC_WKUP_IRQHandler
                0x00000000080010c8                SPDIF_RX_IRQHandler
                0x00000000080010c8                SPI2_IRQHandler
                0x00000000080010c8                OTG_HS_EP1_IN_IRQHandler
                0x00000000080010c8                DMA1_Stream0_IRQHandler
                0x00000000080010c8                CAN1_TX_IRQHandler
                0x00000000080010c8                FMPI2C1_ER_IRQHandler
                0x00000000080010c8                EXTI4_IRQHandler
                0x00000000080010c8                OTG_HS_EP1_OUT_IRQHandler
                0x00000000080010c8                WWDG_IRQHandler
                0x00000000080010c8                TIM2_IRQHandler
                0x00000000080010c8                OTG_FS_WKUP_IRQHandler
                0x00000000080010c8                TIM1_TRG_COM_TIM11_IRQHandler
                0x00000000080010c8                OTG_HS_IRQHandler
                0x00000000080010c8                EXTI1_IRQHandler
                0x00000000080010c8                USART2_IRQHandler
                0x00000000080010c8                I2C2_ER_IRQHandler
                0x00000000080010c8                DMA2_Stream1_IRQHandler
                0x00000000080010c8                CAN1_SCE_IRQHandler
                0x00000000080010c8                FLASH_IRQHandler
                0x00000000080010c8                DMA2_Stream4_IRQHandler
                0x00000000080010c8                USART1_IRQHandler
                0x00000000080010c8                OTG_FS_IRQHandler
                0x00000000080010c8                SPI3_IRQHandler
                0x00000000080010c8                DMA1_Stream4_IRQHandler
                0x00000000080010c8                I2C1_ER_IRQHandler
                0x00000000080010c8                FMC_IRQHandler
                0x00000000080010c8                DMA2_Stream6_IRQHandler
                0x00000000080010c8                SAI1_IRQHandler
                0x00000000080010c8                DMA1_Stream3_IRQHandler
 *fill*         0x00000000080010ca        0x2 
 .text.HAL_Init
                0x00000000080010cc       0x44 ./Drivers/STM32F4xx_HAL_Driver/Src/stm32f4xx_hal.o
                0x00000000080010cc                HAL_Init
 .text.HAL_InitTick
                0x0000000008001110       0x60 ./Drivers/STM32F4xx_HAL_Driver/Src/stm32f4xx_hal.o
                0x0000000008001110                HAL_InitTick
 .text.HAL_IncTick
                0x0000000008001170       0x28 ./Drivers/STM32F4xx_HAL_Driver/Src/stm32f4xx_hal.o
                0x0000000008001170                HAL_IncTick
 .text.HAL_GetTick
                0x0000000008001198       0x18 ./Drivers/STM32F4xx_HAL_Driver/Src/stm32f4xx_hal.o
                0x0000000008001198                HAL_GetTick
 .text.HAL_Delay
                0x00000000080011b0       0x48 ./Drivers/STM32F4xx_HAL_Driver/Src/stm32f4xx_hal.o
                0x00000000080011b0                HAL_Delay
 .text.HAL_ADC_Init
                0x00000000080011f8       0x86 ./Drivers/STM32F4xx_HAL_Driver/Src/stm32f4xx_hal_adc.o
                0x00000000080011f8                HAL_ADC_Init
 *fill*         0x000000000800127e        0x2 
 .text.HAL_ADC_Start
                0x0000000008001280      0x1a4 ./Drivers/STM32F4xx_HAL_Driver/Src/stm32f4xx_hal_adc.o
                0x0000000008001280                HAL_ADC_Start
 .text.HAL_ADC_Stop
                0x0000000008001424       0x66 ./Drivers/STM32F4xx_HAL_Driver/Src/stm32f4xx_hal_adc.o
                0x0000000008001424                HAL_ADC_Stop
 .text.HAL_ADC_PollForConversion
                0x000000000800148a      0x116 ./Drivers/STM32F4xx_HAL_Driver/Src/stm32f4xx_hal_adc.o
                0x000000000800148a                HAL_ADC_PollForConversion
 .text.HAL_ADC_GetValue
                0x00000000080015a0       0x1a ./Drivers/STM32F4xx_HAL_Driver/Src/stm32f4xx_hal_adc.o
                0x00000000080015a0                HAL_ADC_GetValue
 *fill*         0x00000000080015ba        0x2 
 .text.HAL_ADC_ConfigChannel
                0x00000000080015bc      0x264 ./Drivers/STM32F4xx_HAL_Driver/Src/stm32f4xx_hal_adc.o
                0x00000000080015bc                HAL_ADC_ConfigChannel
 .text.ADC_Init
                0x0000000008001820      0x1f8 ./Drivers/STM32F4xx_HAL_Driver/Src/stm32f4xx_hal_adc.o
 .text.__NVIC_SetPriorityGrouping
                0x0000000008001a18       0x48 ./Drivers/STM32F4xx_HAL_Driver/Src/stm32f4xx_hal_cortex.o
 .text.__NVIC_GetPriorityGrouping
                0x0000000008001a60       0x1c ./Drivers/STM32F4xx_HAL_Driver/Src/stm32f4xx_hal_cortex.o
 .text.__NVIC_SetPriority
                0x0000000008001a7c       0x54 ./Drivers/STM32F4xx_HAL_Driver/Src/stm32f4xx_hal_cortex.o
 .text.NVIC_EncodePriority
                0x0000000008001ad0       0x66 ./Drivers/STM32F4xx_HAL_Driver/Src/stm32f4xx_hal_cortex.o
 *fill*         0x0000000008001b36        0x2 
 .text.SysTick_Config
                0x0000000008001b38       0x44 ./Drivers/STM32F4xx_HAL_Driver/Src/stm32f4xx_hal_cortex.o
 .text.HAL_NVIC_SetPriorityGrouping
                0x0000000008001b7c       0x16 ./Drivers/STM32F4xx_HAL_Driver/Src/stm32f4xx_hal_cortex.o
                0x0000000008001b7c                HAL_NVIC_SetPriorityGrouping
 .text.HAL_NVIC_SetPriority
                0x0000000008001b92       0x38 ./Drivers/STM32F4xx_HAL_Driver/Src/stm32f4xx_hal_cortex.o
                0x0000000008001b92                HAL_NVIC_SetPriority
 .text.HAL_SYSTICK_Config
                0x0000000008001bca       0x18 ./Drivers/STM32F4xx_HAL_Driver/Src/stm32f4xx_hal_cortex.o
                0x0000000008001bca                HAL_SYSTICK_Config
 *fill*         0x0000000008001be2        0x2 
 .text.HAL_GPIO_Init
                0x0000000008001be4      0x328 ./Drivers/STM32F4xx_HAL_Driver/Src/stm32f4xx_hal_gpio.o
                0x0000000008001be4                HAL_GPIO_Init
 .text.HAL_GPIO_WritePin
                0x0000000008001f0c       0x32 ./Drivers/STM32F4xx_HAL_Driver/Src/stm32f4xx_hal_gpio.o
                0x0000000008001f0c                HAL_GPIO_WritePin
 .text.HAL_GPIO_TogglePin
                0x0000000008001f3e       0x34 ./Drivers/STM32F4xx_HAL_Driver/Src/stm32f4xx_hal_gpio.o
                0x0000000008001f3e                HAL_GPIO_TogglePin
 *fill*         0x0000000008001f72        0x2 
 .text.HAL_I2C_Init
                0x0000000008001f74      0x288 ./Drivers/STM32F4xx_HAL_Driver/Src/stm32f4xx_hal_i2c.o
                0x0000000008001f74                HAL_I2C_Init
 .text.HAL_I2C_Master_Transmit
                0x00000000080021fc      0x1fc ./Drivers/STM32F4xx_HAL_Driver/Src/stm32f4xx_hal_i2c.o
                0x00000000080021fc                HAL_I2C_Master_Transmit
 .text.I2C_MasterRequestWrite
                0x00000000080023f8      0x104 ./Drivers/STM32F4xx_HAL_Driver/Src/stm32f4xx_hal_i2c.o
 .text.I2C_WaitOnFlagUntilTimeout
                0x00000000080024fc       0xf4 ./Drivers/STM32F4xx_HAL_Driver/Src/stm32f4xx_hal_i2c.o
 .text.I2C_WaitOnMasterAddressFlagUntilTimeout
                0x00000000080025f0      0x140 ./Drivers/STM32F4xx_HAL_Driver/Src/stm32f4xx_hal_i2c.o
 .text.I2C_WaitOnTXEFlagUntilTimeout
                0x0000000008002730       0x90 ./Drivers/STM32F4xx_HAL_Driver/Src/stm32f4xx_hal_i2c.o
 .text.I2C_WaitOnBTFFlagUntilTimeout
                0x00000000080027c0       0x90 ./Drivers/STM32F4xx_HAL_Driver/Src/stm32f4xx_hal_i2c.o
 .text.I2C_IsAcknowledgeFailed
                0x0000000008002850       0x5e ./Drivers/STM32F4xx_HAL_Driver/Src/stm32f4xx_hal_i2c.o
 *fill*         0x00000000080028ae        0x2 
 .text.HAL_I2S_Init
                0x00000000080028b0      0x1f0 ./Drivers/STM32F4xx_HAL_Driver/Src/stm32f4xx_hal_i2s.o
                0x00000000080028b0                HAL_I2S_Init
 .text.HAL_I2S_TxCpltCallback
                0x0000000008002aa0       0x14 ./Drivers/STM32F4xx_HAL_Driver/Src/stm32f4xx_hal_i2s.o
                0x0000000008002aa0                HAL_I2S_TxCpltCallback
 .text.HAL_I2S_RxCpltCallback
                0x0000000008002ab4       0x14 ./Drivers/STM32F4xx_HAL_Driver/Src/stm32f4xx_hal_i2s.o
                0x0000000008002ab4                HAL_I2S_RxCpltCallback
 .text.HAL_I2S_ErrorCallback
                0x0000000008002ac8       0x14 ./Drivers/STM32F4xx_HAL_Driver/Src/stm32f4xx_hal_i2s.o
                0x0000000008002ac8                HAL_I2S_ErrorCallback
 .text.I2S_Transmit_IT
                0x0000000008002adc       0x5c ./Drivers/STM32F4xx_HAL_Driver/Src/stm32f4xx_hal_i2s.o
 .text.I2S_Receive_IT
                0x0000000008002b38       0x5e ./Drivers/STM32F4xx_HAL_Driver/Src/stm32f4xx_hal_i2s.o
 .text.I2S_IRQHandler
                0x0000000008002b96      0x114 ./Drivers/STM32F4xx_HAL_Driver/Src/stm32f4xx_hal_i2s.o
 *fill*         0x0000000008002caa        0x2 
 .text.HAL_RCC_ClockConfig
                0x0000000008002cac      0x1cc ./Drivers/STM32F4xx_HAL_Driver/Src/stm32f4xx_hal_rcc.o
                0x0000000008002cac                HAL_RCC_ClockConfig
 .text.HAL_RCC_GetHCLKFreq
                0x0000000008002e78       0x18 ./Drivers/STM32F4xx_HAL_Driver/Src/stm32f4xx_hal_rcc.o
                0x0000000008002e78                HAL_RCC_GetHCLKFreq
 .text.HAL_RCC_GetPCLK1Freq
                0x0000000008002e90       0x28 ./Drivers/STM32F4xx_HAL_Driver/Src/stm32f4xx_hal_rcc.o
                0x0000000008002e90                HAL_RCC_GetPCLK1Freq
 .text.HAL_RCC_GetPCLK2Freq
                0x0000000008002eb8       0x28 ./Drivers/STM32F4xx_HAL_Driver/Src/stm32f4xx_hal_rcc.o
                0x0000000008002eb8                HAL_RCC_GetPCLK2Freq
 .text.HAL_RCCEx_PeriphCLKConfig
                0x0000000008002ee0      0x654 ./Drivers/STM32F4xx_HAL_Driver/Src/stm32f4xx_hal_rcc_ex.o
                0x0000000008002ee0                HAL_RCCEx_PeriphCLKConfig
 .text.HAL_RCCEx_GetPeriphCLKFreq
                0x0000000008003534      0x494 ./Drivers/STM32F4xx_HAL_Driver/Src/stm32f4xx_hal_rcc_ex.o
                0x0000000008003534                HAL_RCCEx_GetPeriphCLKFreq
 .text.HAL_RCC_GetSysClockFreq
                0x00000000080039c8      0x460 ./Drivers/STM32F4xx_HAL_Driver/Src/stm32f4xx_hal_rcc_ex.o
                0x00000000080039c8                HAL_RCC_GetSysClockFreq
 .text.HAL_RCC_OscConfig
                0x0000000008003e28      0x53c ./Drivers/STM32F4xx_HAL_Driver/Src/stm32f4xx_hal_rcc_ex.o
                0x0000000008003e28                HAL_RCC_OscConfig
 .text.HAL_RTC_Init
                0x0000000008004364      0x106 ./Drivers/STM32F4xx_HAL_Driver/Src/stm32f4xx_hal_rtc.o
                0x0000000008004364                HAL_RTC_Init
 *fill*         0x000000000800446a        0x2 
 .text.HAL_RTC_WaitForSynchro
                0x000000000800446c       0x4c ./Drivers/STM32F4xx_HAL_Driver/Src/stm32f4xx_hal_rtc.o
                0x000000000800446c                HAL_RTC_WaitForSynchro
 .text.RTC_EnterInitMode
                0x00000000080044b8       0x6e ./Drivers/STM32F4xx_HAL_Driver/Src/stm32f4xx_hal_rtc.o
                0x00000000080044b8                RTC_EnterInitMode
 .text.RTC_ExitInitMode
                0x0000000008004526       0x4a ./Drivers/STM32F4xx_HAL_Driver/Src/stm32f4xx_hal_rtc.o
                0x0000000008004526                RTC_ExitInitMode
 .text.HAL_SPI_Init
                0x0000000008004570      0x112 ./Drivers/STM32F4xx_HAL_Driver/Src/stm32f4xx_hal_spi.o
                0x0000000008004570                HAL_SPI_Init
 .text.HAL_SPI_Transmit
                0x0000000008004682      0x288 ./Drivers/STM32F4xx_HAL_Driver/Src/stm32f4xx_hal_spi.o
                0x0000000008004682                HAL_SPI_Transmit
 *fill*         0x000000000800490a        0x2 
 .text.SPI_WaitFlagStateUntilTimeout
                0x000000000800490c      0x110 ./Drivers/STM32F4xx_HAL_Driver/Src/stm32f4xx_hal_spi.o
 .text.SPI_EndRxTxTransaction
                0x0000000008004a1c       0xa8 ./Drivers/STM32F4xx_HAL_Driver/Src/stm32f4xx_hal_spi.o
 .text.HAL_UART_Init
                0x0000000008004ac4       0xa0 ./Drivers/STM32F4xx_HAL_Driver/Src/stm32f4xx_hal_uart.o
                0x0000000008004ac4                HAL_UART_Init
 .text.HAL_UART_Transmit
                0x0000000008004b64      0x116 ./Drivers/STM32F4xx_HAL_Driver/Src/stm32f4xx_hal_uart.o
                0x0000000008004b64                HAL_UART_Transmit
 .text.UART_WaitOnFlagUntilTimeout
                0x0000000008004c7a       0xb2 ./Drivers/STM32F4xx_HAL_Driver/Src/stm32f4xx_hal_uart.o
 .text.UART_EndRxTransfer
                0x0000000008004d2c       0xc6 ./Drivers/STM32F4xx_HAL_Driver/Src/stm32f4xx_hal_uart.o
 *fill*         0x0000000008004df2        0x2 
 .text.UART_SetConfig
                0x0000000008004df4      0x4e8 ./Drivers/STM32F4xx_HAL_Driver/Src/stm32f4xx_hal_uart.o
 .text.memset   0x00000000080052dc       0x10 C:/ST/STM32CubeIDE_1.14.1/STM32CubeIDE/plugins/com.st.stm32cube.ide.mcu.externaltools.gnu-tools-for-stm32.11.3.rel1.win32_1.1.100.202309141235/tools/bin/../lib/gcc/arm-none-eabi/11.3.1/../../../../arm-none-eabi/lib/thumb/v7e-m+fp/hard\libc_nano.a(libc_a-memset.o)
                0x00000000080052dc                memset
 .text.__libc_init_array
                0x00000000080052ec       0x48 C:/ST/STM32CubeIDE_1.14.1/STM32CubeIDE/plugins/com.st.stm32cube.ide.mcu.externaltools.gnu-tools-for-stm32.11.3.rel1.win32_1.1.100.202309141235/tools/bin/../lib/gcc/arm-none-eabi/11.3.1/../../../../arm-none-eabi/lib/thumb/v7e-m+fp/hard\libc_nano.a(libc_a-init.o)
                0x00000000080052ec                __libc_init_array
 *(.glue_7)
 .glue_7        0x0000000008005334        0x0 linker stubs
 *(.glue_7t)
 .glue_7t       0x0000000008005334        0x0 linker stubs
 *(.eh_frame)
 .eh_frame      0x0000000008005334        0x0 C:/ST/STM32CubeIDE_1.14.1/STM32CubeIDE/plugins/com.st.stm32cube.ide.mcu.externaltools.gnu-tools-for-stm32.11.3.rel1.win32_1.1.100.202309141235/tools/bin/../lib/gcc/arm-none-eabi/11.3.1/thumb/v7e-m+fp/hard/crtbegin.o
 *(.init)
 .init          0x0000000008005334        0x4 C:/ST/STM32CubeIDE_1.14.1/STM32CubeIDE/plugins/com.st.stm32cube.ide.mcu.externaltools.gnu-tools-for-stm32.11.3.rel1.win32_1.1.100.202309141235/tools/bin/../lib/gcc/arm-none-eabi/11.3.1/thumb/v7e-m+fp/hard/crti.o
                0x0000000008005334                _init
 .init          0x0000000008005338        0x8 C:/ST/STM32CubeIDE_1.14.1/STM32CubeIDE/plugins/com.st.stm32cube.ide.mcu.externaltools.gnu-tools-for-stm32.11.3.rel1.win32_1.1.100.202309141235/tools/bin/../lib/gcc/arm-none-eabi/11.3.1/thumb/v7e-m+fp/hard/crtn.o
 *(.fini)
 .fini          0x0000000008005340        0x4 C:/ST/STM32CubeIDE_1.14.1/STM32CubeIDE/plugins/com.st.stm32cube.ide.mcu.externaltools.gnu-tools-for-stm32.11.3.rel1.win32_1.1.100.202309141235/tools/bin/../lib/gcc/arm-none-eabi/11.3.1/thumb/v7e-m+fp/hard/crti.o
                0x0000000008005340                _fini
 .fini          0x0000000008005344        0x8 C:/ST/STM32CubeIDE_1.14.1/STM32CubeIDE/plugins/com.st.stm32cube.ide.mcu.externaltools.gnu-tools-for-stm32.11.3.rel1.win32_1.1.100.202309141235/tools/bin/../lib/gcc/arm-none-eabi/11.3.1/thumb/v7e-m+fp/hard/crtn.o
                0x000000000800534c                . = ALIGN (0x4)
                0x000000000800534c                _etext = .

.vfp11_veneer   0x000000000800534c        0x0
 .vfp11_veneer  0x000000000800534c        0x0 linker stubs

.v4_bx          0x000000000800534c        0x0
 .v4_bx         0x000000000800534c        0x0 linker stubs

.iplt           0x000000000800534c        0x0
 .iplt          0x000000000800534c        0x0 C:/ST/STM32CubeIDE_1.14.1/STM32CubeIDE/plugins/com.st.stm32cube.ide.mcu.externaltools.gnu-tools-for-stm32.11.3.rel1.win32_1.1.100.202309141235/tools/bin/../lib/gcc/arm-none-eabi/11.3.1/thumb/v7e-m+fp/hard/crtbegin.o

.rodata         0x000000000800534c       0xd0
                0x000000000800534c                . = ALIGN (0x4)
 *(.rodata)
 .rodata        0x000000000800534c       0xb8 ./Core/Src/main.o
 *(.rodata*)
 .rodata.AHBPrescTable
                0x0000000008005404       0x10 ./Core/Src/system_stm32f4xx.o
                0x0000000008005404                AHBPrescTable
 .rodata.APBPrescTable
                0x0000000008005414        0x8 ./Core/Src/system_stm32f4xx.o
                0x0000000008005414                APBPrescTable
                0x000000000800541c                . = ALIGN (0x4)

.ARM.extab      0x000000000800541c        0x0
                0x000000000800541c                . = ALIGN (0x4)
 *(.ARM.extab* .gnu.linkonce.armextab.*)
                0x000000000800541c                . = ALIGN (0x4)

.ARM            0x000000000800541c        0x8
                0x000000000800541c                . = ALIGN (0x4)
                0x000000000800541c                __exidx_start = .
 *(.ARM.exidx*)
 .ARM.exidx     0x000000000800541c        0x8 C:/ST/STM32CubeIDE_1.14.1/STM32CubeIDE/plugins/com.st.stm32cube.ide.mcu.externaltools.gnu-tools-for-stm32.11.3.rel1.win32_1.1.100.202309141235/tools/bin/../lib/gcc/arm-none-eabi/11.3.1/thumb/v7e-m+fp/hard\libgcc.a(_udivmoddi4.o)
                0x0000000008005424                __exidx_end = .
                0x0000000008005424                . = ALIGN (0x4)

.rel.dyn        0x0000000008005424        0x0
 .rel.iplt      0x0000000008005424        0x0 C:/ST/STM32CubeIDE_1.14.1/STM32CubeIDE/plugins/com.st.stm32cube.ide.mcu.externaltools.gnu-tools-for-stm32.11.3.rel1.win32_1.1.100.202309141235/tools/bin/../lib/gcc/arm-none-eabi/11.3.1/thumb/v7e-m+fp/hard/crtbegin.o

.preinit_array  0x0000000008005424        0x0
                0x0000000008005424                . = ALIGN (0x4)
                0x0000000008005424                PROVIDE (__preinit_array_start = .)
 *(.preinit_array*)
                0x0000000008005424                PROVIDE (__preinit_array_end = .)
                0x0000000008005424                . = ALIGN (0x4)

.init_array     0x0000000008005424        0x4
                0x0000000008005424                . = ALIGN (0x4)
                0x0000000008005424                PROVIDE (__init_array_start = .)
 *(SORT_BY_NAME(.init_array.*))
 *(.init_array*)
 .init_array    0x0000000008005424        0x4 C:/ST/STM32CubeIDE_1.14.1/STM32CubeIDE/plugins/com.st.stm32cube.ide.mcu.externaltools.gnu-tools-for-stm32.11.3.rel1.win32_1.1.100.202309141235/tools/bin/../lib/gcc/arm-none-eabi/11.3.1/thumb/v7e-m+fp/hard/crtbegin.o
                0x0000000008005428                PROVIDE (__init_array_end = .)
                0x0000000008005428                . = ALIGN (0x4)

.fini_array     0x0000000008005428        0x4
                0x0000000008005428                . = ALIGN (0x4)
                [!provide]                        PROVIDE (__fini_array_start = .)
 *(SORT_BY_NAME(.fini_array.*))
 *(.fini_array*)
 .fini_array    0x0000000008005428        0x4 C:/ST/STM32CubeIDE_1.14.1/STM32CubeIDE/plugins/com.st.stm32cube.ide.mcu.externaltools.gnu-tools-for-stm32.11.3.rel1.win32_1.1.100.202309141235/tools/bin/../lib/gcc/arm-none-eabi/11.3.1/thumb/v7e-m+fp/hard/crtbegin.o
                [!provide]                        PROVIDE (__fini_array_end = .)
                0x000000000800542c                . = ALIGN (0x4)
                0x000000000800542c                _sidata = LOADADDR (.data)

.data           0x0000000020000000        0xc load address 0x000000000800542c
                0x0000000020000000                . = ALIGN (0x4)
                0x0000000020000000                _sdata = .
 *(.data)
 *(.data*)
 .data.SystemCoreClock
                0x0000000020000000        0x4 ./Core/Src/system_stm32f4xx.o
                0x0000000020000000                SystemCoreClock
 .data.uwTickPrio
                0x0000000020000004        0x4 ./Drivers/STM32F4xx_HAL_Driver/Src/stm32f4xx_hal.o
                0x0000000020000004                uwTickPrio
 .data.uwTickFreq
                0x0000000020000008        0x1 ./Drivers/STM32F4xx_HAL_Driver/Src/stm32f4xx_hal.o
                0x0000000020000008                uwTickFreq
 *(.RamFunc)
 *(.RamFunc*)
                0x000000002000000c                . = ALIGN (0x4)
 *fill*         0x0000000020000009        0x3 
                0x000000002000000c                _edata = .

.igot.plt       0x000000002000000c        0x0 load address 0x0000000008005438
 .igot.plt      0x000000002000000c        0x0 C:/ST/STM32CubeIDE_1.14.1/STM32CubeIDE/plugins/com.st.stm32cube.ide.mcu.externaltools.gnu-tools-for-stm32.11.3.rel1.win32_1.1.100.202309141235/tools/bin/../lib/gcc/arm-none-eabi/11.3.1/thumb/v7e-m+fp/hard/crtbegin.o
                0x000000002000000c                . = ALIGN (0x4)

.bss            0x000000002000000c      0x20c load address 0x0000000008005438
                0x000000002000000c                _sbss = .
                0x000000002000000c                __bss_start__ = _sbss
 *(.bss)
 .bss           0x000000002000000c       0x1c C:/ST/STM32CubeIDE_1.14.1/STM32CubeIDE/plugins/com.st.stm32cube.ide.mcu.externaltools.gnu-tools-for-stm32.11.3.rel1.win32_1.1.100.202309141235/tools/bin/../lib/gcc/arm-none-eabi/11.3.1/thumb/v7e-m+fp/hard/crtbegin.o
 *(.bss*)
 .bss.hadc1     0x0000000020000028       0x48 ./Core/Src/main.o
                0x0000000020000028                hadc1
 .bss.hi2c1     0x0000000020000070       0x54 ./Core/Src/main.o
                0x0000000020000070                hi2c1
 .bss.hi2s3     0x00000000200000c4       0x48 ./Core/Src/main.o
                0x00000000200000c4                hi2s3
 .bss.hrtc      0x000000002000010c       0x20 ./Core/Src/main.o
                0x000000002000010c                hrtc
 .bss.hspi2     0x000000002000012c       0x58 ./Core/Src/main.o
                0x000000002000012c                hspi2
 .bss.huart5    0x0000000020000184       0x48 ./Core/Src/main.o
                0x0000000020000184                huart5
 .bss.huart2    0x00000000200001cc       0x48 ./Core/Src/main.o
                0x00000000200001cc                huart2
 .bss.uwTick    0x0000000020000214        0x4 ./Drivers/STM32F4xx_HAL_Driver/Src/stm32f4xx_hal.o
                0x0000000020000214                uwTick
 *(COMMON)
                0x0000000020000218                . = ALIGN (0x4)
                0x0000000020000218                _ebss = .
                0x0000000020000218                __bss_end__ = _ebss

._user_heap_stack
                0x0000000020000218      0x600 load address 0x0000000008005438
                0x0000000020000218                . = ALIGN (0x8)
                [!provide]                        PROVIDE (end = .)
                0x0000000020000218                PROVIDE (_end = .)
                0x0000000020000418                . = (. + _Min_Heap_Size)
 *fill*         0x0000000020000218      0x200 
                0x0000000020000818                . = (. + _Min_Stack_Size)
 *fill*         0x0000000020000418      0x400 
                0x0000000020000818                . = ALIGN (0x8)

/DISCARD/
 libc.a(*)
 libm.a(*)
 libgcc.a(*)

.ARM.attributes
                0x0000000000000000       0x30
 *(.ARM.attributes)
 .ARM.attributes
                0x0000000000000000       0x1e C:/ST/STM32CubeIDE_1.14.1/STM32CubeIDE/plugins/com.st.stm32cube.ide.mcu.externaltools.gnu-tools-for-stm32.11.3.rel1.win32_1.1.100.202309141235/tools/bin/../lib/gcc/arm-none-eabi/11.3.1/thumb/v7e-m+fp/hard/crti.o
 .ARM.attributes
                0x000000000000001e       0x34 C:/ST/STM32CubeIDE_1.14.1/STM32CubeIDE/plugins/com.st.stm32cube.ide.mcu.externaltools.gnu-tools-for-stm32.11.3.rel1.win32_1.1.100.202309141235/tools/bin/../lib/gcc/arm-none-eabi/11.3.1/thumb/v7e-m+fp/hard/crtbegin.o
 .ARM.attributes
                0x0000000000000052       0x34 ./Core/Src/main.o
 .ARM.attributes
                0x0000000000000086       0x34 ./Core/Src/stm32f4xx_hal_msp.o
 .ARM.attributes
                0x00000000000000ba       0x34 ./Core/Src/stm32f4xx_it.o
 .ARM.attributes
                0x00000000000000ee       0x34 ./Core/Src/system_stm32f4xx.o
 .ARM.attributes
                0x0000000000000122       0x21 ./Core/Startup/startup_stm32f446retx.o
 .ARM.attributes
                0x0000000000000143       0x34 ./Drivers/STM32F4xx_HAL_Driver/Src/stm32f4xx_hal.o
 .ARM.attributes
                0x0000000000000177       0x34 ./Drivers/STM32F4xx_HAL_Driver/Src/stm32f4xx_hal_adc.o
 .ARM.attributes
                0x00000000000001ab       0x34 ./Drivers/STM32F4xx_HAL_Driver/Src/stm32f4xx_hal_cortex.o
 .ARM.attributes
                0x00000000000001df       0x34 ./Drivers/STM32F4xx_HAL_Driver/Src/stm32f4xx_hal_gpio.o
 .ARM.attributes
                0x0000000000000213       0x34 ./Drivers/STM32F4xx_HAL_Driver/Src/stm32f4xx_hal_i2c.o
 .ARM.attributes
                0x0000000000000247       0x34 ./Drivers/STM32F4xx_HAL_Driver/Src/stm32f4xx_hal_i2s.o
 .ARM.attributes
                0x000000000000027b       0x34 ./Drivers/STM32F4xx_HAL_Driver/Src/stm32f4xx_hal_rcc.o
 .ARM.attributes
                0x00000000000002af       0x34 ./Drivers/STM32F4xx_HAL_Driver/Src/stm32f4xx_hal_rcc_ex.o
 .ARM.attributes
                0x00000000000002e3       0x34 ./Drivers/STM32F4xx_HAL_Driver/Src/stm32f4xx_hal_rtc.o
 .ARM.attributes
                0x0000000000000317       0x34 ./Drivers/STM32F4xx_HAL_Driver/Src/stm32f4xx_hal_spi.o
 .ARM.attributes
                0x000000000000034b       0x34 ./Drivers/STM32F4xx_HAL_Driver/Src/stm32f4xx_hal_uart.o
 .ARM.attributes
                0x000000000000037f       0x34 C:/ST/STM32CubeIDE_1.14.1/STM32CubeIDE/plugins/com.st.stm32cube.ide.mcu.externaltools.gnu-tools-for-stm32.11.3.rel1.win32_1.1.100.202309141235/tools/bin/../lib/gcc/arm-none-eabi/11.3.1/../../../../arm-none-eabi/lib/thumb/v7e-m+fp/hard\libc_nano.a(libc_a-memset.o)
 .ARM.attributes
                0x00000000000003b3       0x34 C:/ST/STM32CubeIDE_1.14.1/STM32CubeIDE/plugins/com.st.stm32cube.ide.mcu.externaltools.gnu-tools-for-stm32.11.3.rel1.win32_1.1.100.202309141235/tools/bin/../lib/gcc/arm-none-eabi/11.3.1/../../../../arm-none-eabi/lib/thumb/v7e-m+fp/hard\libc_nano.a(libc_a-init.o)
 .ARM.attributes
                0x00000000000003e7       0x1e C:/ST/STM32CubeIDE_1.14.1/STM32CubeIDE/plugins/com.st.stm32cube.ide.mcu.externaltools.gnu-tools-for-stm32.11.3.rel1.win32_1.1.100.202309141235/tools/bin/../lib/gcc/arm-none-eabi/11.3.1/thumb/v7e-m+fp/hard\libgcc.a(_aeabi_uldivmod.o)
 .ARM.attributes
                0x0000000000000405       0x34 C:/ST/STM32CubeIDE_1.14.1/STM32CubeIDE/plugins/com.st.stm32cube.ide.mcu.externaltools.gnu-tools-for-stm32.11.3.rel1.win32_1.1.100.202309141235/tools/bin/../lib/gcc/arm-none-eabi/11.3.1/thumb/v7e-m+fp/hard\libgcc.a(_udivmoddi4.o)
 .ARM.attributes
                0x0000000000000439       0x1e C:/ST/STM32CubeIDE_1.14.1/STM32CubeIDE/plugins/com.st.stm32cube.ide.mcu.externaltools.gnu-tools-for-stm32.11.3.rel1.win32_1.1.100.202309141235/tools/bin/../lib/gcc/arm-none-eabi/11.3.1/thumb/v7e-m+fp/hard\libgcc.a(_dvmd_tls.o)
 .ARM.attributes
                0x0000000000000457       0x1e C:/ST/STM32CubeIDE_1.14.1/STM32CubeIDE/plugins/com.st.stm32cube.ide.mcu.externaltools.gnu-tools-for-stm32.11.3.rel1.win32_1.1.100.202309141235/tools/bin/../lib/gcc/arm-none-eabi/11.3.1/thumb/v7e-m+fp/hard/crtn.o
OUTPUT(PROJECT_A.elf elf32-littlearm)
LOAD linker stubs
LOAD C:/ST/STM32CubeIDE_1.14.1/STM32CubeIDE/plugins/com.st.stm32cube.ide.mcu.externaltools.gnu-tools-for-stm32.11.3.rel1.win32_1.1.100.202309141235/tools/bin/../lib/gcc/arm-none-eabi/11.3.1/../../../../arm-none-eabi/lib/thumb/v7e-m+fp/hard\libc.a
LOAD C:/ST/STM32CubeIDE_1.14.1/STM32CubeIDE/plugins/com.st.stm32cube.ide.mcu.externaltools.gnu-tools-for-stm32.11.3.rel1.win32_1.1.100.202309141235/tools/bin/../lib/gcc/arm-none-eabi/11.3.1/../../../../arm-none-eabi/lib/thumb/v7e-m+fp/hard\libm.a
LOAD C:/ST/STM32CubeIDE_1.14.1/STM32CubeIDE/plugins/com.st.stm32cube.ide.mcu.externaltools.gnu-tools-for-stm32.11.3.rel1.win32_1.1.100.202309141235/tools/bin/../lib/gcc/arm-none-eabi/11.3.1/thumb/v7e-m+fp/hard\libgcc.a

.comment        0x0000000000000000       0x43
 .comment       0x0000000000000000       0x43 C:/ST/STM32CubeIDE_1.14.1/STM32CubeIDE/plugins/com.st.stm32cube.ide.mcu.externaltools.gnu-tools-for-stm32.11.3.rel1.win32_1.1.100.202309141235/tools/bin/../lib/gcc/arm-none-eabi/11.3.1/thumb/v7e-m+fp/hard/crtbegin.o
                                         0x44 (size before relaxing)
 .comment       0x0000000000000043       0x44 ./Core/Src/main.o
 .comment       0x0000000000000043       0x44 ./Core/Src/stm32f4xx_hal_msp.o
 .comment       0x0000000000000043       0x44 ./Core/Src/stm32f4xx_it.o
 .comment       0x0000000000000043       0x44 ./Core/Src/system_stm32f4xx.o
 .comment       0x0000000000000043       0x44 ./Drivers/STM32F4xx_HAL_Driver/Src/stm32f4xx_hal.o
 .comment       0x0000000000000043       0x44 ./Drivers/STM32F4xx_HAL_Driver/Src/stm32f4xx_hal_adc.o
 .comment       0x0000000000000043       0x44 ./Drivers/STM32F4xx_HAL_Driver/Src/stm32f4xx_hal_cortex.o
 .comment       0x0000000000000043       0x44 ./Drivers/STM32F4xx_HAL_Driver/Src/stm32f4xx_hal_gpio.o
 .comment       0x0000000000000043       0x44 ./Drivers/STM32F4xx_HAL_Driver/Src/stm32f4xx_hal_i2c.o
 .comment       0x0000000000000043       0x44 ./Drivers/STM32F4xx_HAL_Driver/Src/stm32f4xx_hal_i2s.o
 .comment       0x0000000000000043       0x44 ./Drivers/STM32F4xx_HAL_Driver/Src/stm32f4xx_hal_rcc.o
 .comment       0x0000000000000043       0x44 ./Drivers/STM32F4xx_HAL_Driver/Src/stm32f4xx_hal_rcc_ex.o
 .comment       0x0000000000000043       0x44 ./Drivers/STM32F4xx_HAL_Driver/Src/stm32f4xx_hal_rtc.o
 .comment       0x0000000000000043       0x44 ./Drivers/STM32F4xx_HAL_Driver/Src/stm32f4xx_hal_spi.o
 .comment       0x0000000000000043       0x44 ./Drivers/STM32F4xx_HAL_Driver/Src/stm32f4xx_hal_uart.o

.debug_info     0x0000000000000000    0x101f1
 .debug_info    0x0000000000000000     0x2132 ./Core/Src/main.o
 .debug_info    0x0000000000002132     0x1a99 ./Core/Src/stm32f4xx_hal_msp.o
 .debug_info    0x0000000000003bcb      0x112 ./Core/Src/stm32f4xx_it.o
 .debug_info    0x0000000000003cdd      0x54a ./Core/Src/system_stm32f4xx.o
 .debug_info    0x0000000000004227       0x23 ./Core/Startup/startup_stm32f446retx.o
 .debug_info    0x000000000000424a      0x99a ./Drivers/STM32F4xx_HAL_Driver/Src/stm32f4xx_hal.o
 .debug_info    0x0000000000004be4      0xcd4 ./Drivers/STM32F4xx_HAL_Driver/Src/stm32f4xx_hal_adc.o
 .debug_info    0x00000000000058b8      0xdaa ./Drivers/STM32F4xx_HAL_Driver/Src/stm32f4xx_hal_cortex.o
 .debug_info    0x0000000000006662      0x70b ./Drivers/STM32F4xx_HAL_Driver/Src/stm32f4xx_hal_gpio.o
 .debug_info    0x0000000000006d6d     0x2421 ./Drivers/STM32F4xx_HAL_Driver/Src/stm32f4xx_hal_i2c.o
 .debug_info    0x000000000000918e      0xd8e ./Drivers/STM32F4xx_HAL_Driver/Src/stm32f4xx_hal_i2s.o
 .debug_info    0x0000000000009f1c      0x8eb ./Drivers/STM32F4xx_HAL_Driver/Src/stm32f4xx_hal_rcc.o
 .debug_info    0x000000000000a807      0x956 ./Drivers/STM32F4xx_HAL_Driver/Src/stm32f4xx_hal_rcc_ex.o
 .debug_info    0x000000000000b15d      0xc20 ./Drivers/STM32F4xx_HAL_Driver/Src/stm32f4xx_hal_rtc.o
 .debug_info    0x000000000000bd7d     0x1525 ./Drivers/STM32F4xx_HAL_Driver/Src/stm32f4xx_hal_spi.o
 .debug_info    0x000000000000d2a2     0x2f4f ./Drivers/STM32F4xx_HAL_Driver/Src/stm32f4xx_hal_uart.o

.debug_abbrev   0x0000000000000000     0x210b
 .debug_abbrev  0x0000000000000000      0x2be ./Core/Src/main.o
 .debug_abbrev  0x00000000000002be      0x232 ./Core/Src/stm32f4xx_hal_msp.o
 .debug_abbrev  0x00000000000004f0       0x73 ./Core/Src/stm32f4xx_it.o
 .debug_abbrev  0x0000000000000563      0x11a ./Core/Src/system_stm32f4xx.o
 .debug_abbrev  0x000000000000067d       0x12 ./Core/Startup/startup_stm32f446retx.o
 .debug_abbrev  0x000000000000068f      0x214 ./Drivers/STM32F4xx_HAL_Driver/Src/stm32f4xx_hal.o
 .debug_abbrev  0x00000000000008a3      0x252 ./Drivers/STM32F4xx_HAL_Driver/Src/stm32f4xx_hal_adc.o
 .debug_abbrev  0x0000000000000af5      0x31d ./Drivers/STM32F4xx_HAL_Driver/Src/stm32f4xx_hal_cortex.o
 .debug_abbrev  0x0000000000000e12      0x1d4 ./Drivers/STM32F4xx_HAL_Driver/Src/stm32f4xx_hal_gpio.o
 .debug_abbrev  0x0000000000000fe6      0x2ad ./Drivers/STM32F4xx_HAL_Driver/Src/stm32f4xx_hal_i2c.o
 .debug_abbrev  0x0000000000001293      0x241 ./Drivers/STM32F4xx_HAL_Driver/Src/stm32f4xx_hal_i2s.o
 .debug_abbrev  0x00000000000014d4      0x2b7 ./Drivers/STM32F4xx_HAL_Driver/Src/stm32f4xx_hal_rcc.o
 .debug_abbrev  0x000000000000178b      0x20a ./Drivers/STM32F4xx_HAL_Driver/Src/stm32f4xx_hal_rcc_ex.o
 .debug_abbrev  0x0000000000001995      0x1ee ./Drivers/STM32F4xx_HAL_Driver/Src/stm32f4xx_hal_rtc.o
 .debug_abbrev  0x0000000000001b83      0x27a ./Drivers/STM32F4xx_HAL_Driver/Src/stm32f4xx_hal_spi.o
 .debug_abbrev  0x0000000000001dfd      0x30e ./Drivers/STM32F4xx_HAL_Driver/Src/stm32f4xx_hal_uart.o

.debug_aranges  0x0000000000000000      0xed0
 .debug_aranges
                0x0000000000000000       0xd0 ./Core/Src/main.o
 .debug_aranges
                0x00000000000000d0       0x80 ./Core/Src/stm32f4xx_hal_msp.o
 .debug_aranges
                0x0000000000000150       0x60 ./Core/Src/stm32f4xx_it.o
 .debug_aranges
                0x00000000000001b0       0x28 ./Core/Src/system_stm32f4xx.o
 .debug_aranges
                0x00000000000001d8       0x28 ./Core/Startup/startup_stm32f446retx.o
 .debug_aranges
                0x0000000000000200       0xf0 ./Drivers/STM32F4xx_HAL_Driver/Src/stm32f4xx_hal.o
 .debug_aranges
                0x00000000000002f0       0xe8 ./Drivers/STM32F4xx_HAL_Driver/Src/stm32f4xx_hal_adc.o
 .debug_aranges
                0x00000000000003d8      0x130 ./Drivers/STM32F4xx_HAL_Driver/Src/stm32f4xx_hal_cortex.o
 .debug_aranges
                0x0000000000000508       0x58 ./Drivers/STM32F4xx_HAL_Driver/Src/stm32f4xx_hal_gpio.o
 .debug_aranges
                0x0000000000000560      0x2a8 ./Drivers/STM32F4xx_HAL_Driver/Src/stm32f4xx_hal_i2c.o
 .debug_aranges
                0x0000000000000808      0x108 ./Drivers/STM32F4xx_HAL_Driver/Src/stm32f4xx_hal_i2s.o
 .debug_aranges
                0x0000000000000910       0x88 ./Drivers/STM32F4xx_HAL_Driver/Src/stm32f4xx_hal_rcc.o
 .debug_aranges
                0x0000000000000998       0x78 ./Drivers/STM32F4xx_HAL_Driver/Src/stm32f4xx_hal_rcc_ex.o
 .debug_aranges
                0x0000000000000a10       0xe8 ./Drivers/STM32F4xx_HAL_Driver/Src/stm32f4xx_hal_rtc.o
 .debug_aranges
                0x0000000000000af8      0x1d0 ./Drivers/STM32F4xx_HAL_Driver/Src/stm32f4xx_hal_spi.o
 .debug_aranges
                0x0000000000000cc8      0x208 ./Drivers/STM32F4xx_HAL_Driver/Src/stm32f4xx_hal_uart.o

.debug_rnglists
                0x0000000000000000      0xb9e
 .debug_rnglists
                0x0000000000000000       0x9b ./Core/Src/main.o
 .debug_rnglists
                0x000000000000009b       0x60 ./Core/Src/stm32f4xx_hal_msp.o
 .debug_rnglists
                0x00000000000000fb       0x43 ./Core/Src/stm32f4xx_it.o
 .debug_rnglists
                0x000000000000013e       0x1a ./Core/Src/system_stm32f4xx.o
 .debug_rnglists
                0x0000000000000158       0x19 ./Core/Startup/startup_stm32f446retx.o
 .debug_rnglists
                0x0000000000000171       0xaf ./Drivers/STM32F4xx_HAL_Driver/Src/stm32f4xx_hal.o
 .debug_rnglists
                0x0000000000000220       0xb5 ./Drivers/STM32F4xx_HAL_Driver/Src/stm32f4xx_hal_adc.o
 .debug_rnglists
                0x00000000000002d5       0xe0 ./Drivers/STM32F4xx_HAL_Driver/Src/stm32f4xx_hal_cortex.o
 .debug_rnglists
                0x00000000000003b5       0x3f ./Drivers/STM32F4xx_HAL_Driver/Src/stm32f4xx_hal_gpio.o
 .debug_rnglists
                0x00000000000003f4      0x23c ./Drivers/STM32F4xx_HAL_Driver/Src/stm32f4xx_hal_i2c.o
 .debug_rnglists
                0x0000000000000630       0xcb ./Drivers/STM32F4xx_HAL_Driver/Src/stm32f4xx_hal_i2s.o
 .debug_rnglists
                0x00000000000006fb       0x66 ./Drivers/STM32F4xx_HAL_Driver/Src/stm32f4xx_hal_rcc.o
 .debug_rnglists
                0x0000000000000761       0x5e ./Drivers/STM32F4xx_HAL_Driver/Src/stm32f4xx_hal_rcc_ex.o
 .debug_rnglists
                0x00000000000007bf       0xb4 ./Drivers/STM32F4xx_HAL_Driver/Src/stm32f4xx_hal_rtc.o
 .debug_rnglists
                0x0000000000000873      0x16f ./Drivers/STM32F4xx_HAL_Driver/Src/stm32f4xx_hal_spi.o
 .debug_rnglists
                0x00000000000009e2      0x1bc ./Drivers/STM32F4xx_HAL_Driver/Src/stm32f4xx_hal_uart.o

.debug_macro    0x0000000000000000    0x23d33
 .debug_macro   0x0000000000000000      0x355 ./Core/Src/main.o
 .debug_macro   0x0000000000000355      0xaae ./Core/Src/main.o
 .debug_macro   0x0000000000000e03      0x2b3 ./Core/Src/main.o
 .debug_macro   0x00000000000010b6       0x2e ./Core/Src/main.o
 .debug_macro   0x00000000000010e4       0x28 ./Core/Src/main.o
 .debug_macro   0x000000000000110c       0x22 ./Core/Src/main.o
 .debug_macro   0x000000000000112e       0x8e ./Core/Src/main.o
 .debug_macro   0x00000000000011bc       0x51 ./Core/Src/main.o
 .debug_macro   0x000000000000120d      0x103 ./Core/Src/main.o
 .debug_macro   0x0000000000001310       0x6a ./Core/Src/main.o
 .debug_macro   0x000000000000137a      0x1df ./Core/Src/main.o
 .debug_macro   0x0000000000001559       0x1c ./Core/Src/main.o
 .debug_macro   0x0000000000001575       0x22 ./Core/Src/main.o
 .debug_macro   0x0000000000001597       0xfb ./Core/Src/main.o
 .debug_macro   0x0000000000001692     0x1011 ./Core/Src/main.o
 .debug_macro   0x00000000000026a3      0x11f ./Core/Src/main.o
 .debug_macro   0x00000000000027c2    0x16749 ./Core/Src/main.o
 .debug_macro   0x0000000000018f0b       0x6d ./Core/Src/main.o
 .debug_macro   0x0000000000018f78     0x369a ./Core/Src/main.o
 .debug_macro   0x000000000001c612      0x174 ./Core/Src/main.o
 .debug_macro   0x000000000001c786       0x5c ./Core/Src/main.o
 .debug_macro   0x000000000001c7e2      0xca5 ./Core/Src/main.o
 .debug_macro   0x000000000001d487      0x9e9 ./Core/Src/main.o
 .debug_macro   0x000000000001de70      0x115 ./Core/Src/main.o
 .debug_macro   0x000000000001df85      0x1a0 ./Core/Src/main.o
 .debug_macro   0x000000000001e125       0xa5 ./Core/Src/main.o
 .debug_macro   0x000000000001e1ca      0x16d ./Core/Src/main.o
 .debug_macro   0x000000000001e337      0x287 ./Core/Src/main.o
 .debug_macro   0x000000000001e5be       0x5f ./Core/Src/main.o
 .debug_macro   0x000000000001e61d      0x236 ./Core/Src/main.o
 .debug_macro   0x000000000001e853      0xb5b ./Core/Src/main.o
 .debug_macro   0x000000000001f3ae      0x38b ./Core/Src/main.o
 .debug_macro   0x000000000001f739      0x17d ./Core/Src/main.o
 .debug_macro   0x000000000001f8b6       0xf9 ./Core/Src/main.o
 .debug_macro   0x000000000001f9af      0x132 ./Core/Src/main.o
 .debug_macro   0x000000000001fae1      0x29c ./Core/Src/main.o
 .debug_macro   0x000000000001fd7d       0x2e ./Core/Src/main.o
 .debug_macro   0x000000000001fdab      0x1b5 ./Core/Src/main.o
 .debug_macro   0x000000000001ff60       0x22 ./Core/Src/main.o
 .debug_macro   0x000000000001ff82       0xd6 ./Core/Src/main.o
 .debug_macro   0x0000000000020058      0x1b5 ./Core/Src/main.o
 .debug_macro   0x000000000002020d       0x4a ./Core/Src/main.o
 .debug_macro   0x0000000000020257      0x127 ./Core/Src/main.o
 .debug_macro   0x000000000002037e       0xe8 ./Core/Src/main.o
 .debug_macro   0x0000000000020466       0x89 ./Core/Src/main.o
 .debug_macro   0x00000000000204ef      0x30c ./Core/Src/main.o
 .debug_macro   0x00000000000207fb      0x44b ./Core/Src/main.o
 .debug_macro   0x0000000000020c46       0xeb ./Core/Src/main.o
 .debug_macro   0x0000000000020d31      0x225 ./Core/Src/main.o
 .debug_macro   0x0000000000020f56      0x2aa ./Core/Src/main.o
 .debug_macro   0x0000000000021200      0x126 ./Core/Src/main.o
 .debug_macro   0x0000000000021326       0x58 ./Core/Src/main.o
 .debug_macro   0x000000000002137e       0x61 ./Core/Src/main.o
 .debug_macro   0x00000000000213df       0x2a ./Core/Src/main.o
 .debug_macro   0x0000000000021409       0x43 ./Core/Src/main.o
 .debug_macro   0x000000000002144c       0x34 ./Core/Src/main.o
 .debug_macro   0x0000000000021480       0x16 ./Core/Src/main.o
 .debug_macro   0x0000000000021496       0x43 ./Core/Src/main.o
 .debug_macro   0x00000000000214d9       0x34 ./Core/Src/main.o
 .debug_macro   0x000000000002150d       0x10 ./Core/Src/main.o
 .debug_macro   0x000000000002151d       0x58 ./Core/Src/main.o
 .debug_macro   0x0000000000021575       0x8e ./Core/Src/main.o
 .debug_macro   0x0000000000021603       0x1c ./Core/Src/main.o
 .debug_macro   0x000000000002161f      0x177 ./Core/Src/main.o
 .debug_macro   0x0000000000021796      0x369 ./Core/Src/main.o
 .debug_macro   0x0000000000021aff       0x10 ./Core/Src/main.o
 .debug_macro   0x0000000000021b0f       0x35 ./Core/Src/main.o
 .debug_macro   0x0000000000021b44       0x20 ./Core/Src/main.o
 .debug_macro   0x0000000000021b64       0x1c ./Core/Src/main.o
 .debug_macro   0x0000000000021b80       0x10 ./Core/Src/main.o
 .debug_macro   0x0000000000021b90       0x1c ./Core/Src/main.o
 .debug_macro   0x0000000000021bac       0x16 ./Core/Src/main.o
 .debug_macro   0x0000000000021bc2      0x147 ./Core/Src/main.o
 .debug_macro   0x0000000000021d09      0x247 ./Core/Src/stm32f4xx_hal_msp.o
 .debug_macro   0x0000000000021f50      0x251 ./Core/Src/stm32f4xx_it.o
 .debug_macro   0x00000000000221a1      0x238 ./Core/Src/system_stm32f4xx.o
 .debug_macro   0x00000000000223d9      0x298 ./Drivers/STM32F4xx_HAL_Driver/Src/stm32f4xx_hal.o
 .debug_macro   0x0000000000022671      0x239 ./Drivers/STM32F4xx_HAL_Driver/Src/stm32f4xx_hal_adc.o
 .debug_macro   0x00000000000228aa      0x238 ./Drivers/STM32F4xx_HAL_Driver/Src/stm32f4xx_hal_cortex.o
 .debug_macro   0x0000000000022ae2      0x23e ./Drivers/STM32F4xx_HAL_Driver/Src/stm32f4xx_hal_gpio.o
 .debug_macro   0x0000000000022d20      0x286 ./Drivers/STM32F4xx_HAL_Driver/Src/stm32f4xx_hal_i2c.o
 .debug_macro   0x0000000000022fa6      0x240 ./Drivers/STM32F4xx_HAL_Driver/Src/stm32f4xx_hal_i2s.o
 .debug_macro   0x00000000000231e6      0x25c ./Drivers/STM32F4xx_HAL_Driver/Src/stm32f4xx_hal_rcc.o
 .debug_macro   0x0000000000023442      0x238 ./Drivers/STM32F4xx_HAL_Driver/Src/stm32f4xx_hal_rcc_ex.o
 .debug_macro   0x000000000002367a      0x239 ./Drivers/STM32F4xx_HAL_Driver/Src/stm32f4xx_hal_rtc.o
 .debug_macro   0x00000000000238b3      0x247 ./Drivers/STM32F4xx_HAL_Driver/Src/stm32f4xx_hal_spi.o
 .debug_macro   0x0000000000023afa      0x239 ./Drivers/STM32F4xx_HAL_Driver/Src/stm32f4xx_hal_uart.o

.debug_line     0x0000000000000000    0x12dbc
 .debug_line    0x0000000000000000      0xe11 ./Core/Src/main.o
 .debug_line    0x0000000000000e11      0xa7f ./Core/Src/stm32f4xx_hal_msp.o
 .debug_line    0x0000000000001890      0x8d1 ./Core/Src/stm32f4xx_it.o
 .debug_line    0x0000000000002161      0x890 ./Core/Src/system_stm32f4xx.o
 .debug_line    0x00000000000029f1       0x7a ./Core/Startup/startup_stm32f446retx.o
 .debug_line    0x0000000000002a6b      0xaf6 ./Drivers/STM32F4xx_HAL_Driver/Src/stm32f4xx_hal.o
 .debug_line    0x0000000000003561     0x137c ./Drivers/STM32F4xx_HAL_Driver/Src/stm32f4xx_hal_adc.o
 .debug_line    0x00000000000048dd      0xdf0 ./Drivers/STM32F4xx_HAL_Driver/Src/stm32f4xx_hal_cortex.o
 .debug_line    0x00000000000056cd      0xc56 ./Drivers/STM32F4xx_HAL_Driver/Src/stm32f4xx_hal_gpio.o
 .debug_line    0x0000000000006323     0x3b58 ./Drivers/STM32F4xx_HAL_Driver/Src/stm32f4xx_hal_i2c.o
 .debug_line    0x0000000000009e7b     0x122b ./Drivers/STM32F4xx_HAL_Driver/Src/stm32f4xx_hal_i2s.o
 .debug_line    0x000000000000b0a6      0xe93 ./Drivers/STM32F4xx_HAL_Driver/Src/stm32f4xx_hal_rcc.o
 .debug_line    0x000000000000bf39     0x1500 ./Drivers/STM32F4xx_HAL_Driver/Src/stm32f4xx_hal_rcc_ex.o
 .debug_line    0x000000000000d439     0x11e0 ./Drivers/STM32F4xx_HAL_Driver/Src/stm32f4xx_hal_rtc.o
 .debug_line    0x000000000000e619     0x1df0 ./Drivers/STM32F4xx_HAL_Driver/Src/stm32f4xx_hal_spi.o
 .debug_line    0x0000000000010409     0x29b3 ./Drivers/STM32F4xx_HAL_Driver/Src/stm32f4xx_hal_uart.o

.debug_str      0x0000000000000000    0xe0448
 .debug_str     0x0000000000000000    0xdcf22 ./Core/Src/main.o
                                      0xdd314 (size before relaxing)
 .debug_str     0x00000000000dcf22      0x2ba ./Core/Src/stm32f4xx_hal_msp.o
                                      0xd9754 (size before relaxing)
 .debug_str     0x00000000000dd1dc       0xc9 ./Core/Src/stm32f4xx_it.o
                                      0xd8624 (size before relaxing)
 .debug_str     0x00000000000dd2a5       0xdb ./Core/Src/system_stm32f4xx.o
                                      0xd864d (size before relaxing)
 .debug_str     0x00000000000dd380       0x34 ./Core/Startup/startup_stm32f446retx.o
                                         0x6e (size before relaxing)
 .debug_str     0x00000000000dd3b4      0xb24 ./Drivers/STM32F4xx_HAL_Driver/Src/stm32f4xx_hal.o
                                      0xd9212 (size before relaxing)
 .debug_str     0x00000000000dded8      0x280 ./Drivers/STM32F4xx_HAL_Driver/Src/stm32f4xx_hal_adc.o
                                      0xd8c15 (size before relaxing)
 .debug_str     0x00000000000de158      0x38d ./Drivers/STM32F4xx_HAL_Driver/Src/stm32f4xx_hal_cortex.o
                                      0xd8f69 (size before relaxing)
 .debug_str     0x00000000000de4e5      0x10e ./Drivers/STM32F4xx_HAL_Driver/Src/stm32f4xx_hal_gpio.o
                                      0xd87c8 (size before relaxing)
 .debug_str     0x00000000000de5f3      0xa49 ./Drivers/STM32F4xx_HAL_Driver/Src/stm32f4xx_hal_i2c.o
                                      0xd964b (size before relaxing)
 .debug_str     0x00000000000df03c      0x28a ./Drivers/STM32F4xx_HAL_Driver/Src/stm32f4xx_hal_i2s.o
                                      0xd8bf2 (size before relaxing)
 .debug_str     0x00000000000df2c6      0x213 ./Drivers/STM32F4xx_HAL_Driver/Src/stm32f4xx_hal_rcc.o
                                      0xd8a86 (size before relaxing)
 .debug_str     0x00000000000df4d9      0x182 ./Drivers/STM32F4xx_HAL_Driver/Src/stm32f4xx_hal_rcc_ex.o
                                      0xd8ab9 (size before relaxing)
 .debug_str     0x00000000000df65b      0x2c5 ./Drivers/STM32F4xx_HAL_Driver/Src/stm32f4xx_hal_rtc.o
                                      0xd8a97 (size before relaxing)
 .debug_str     0x00000000000df920      0x52c ./Drivers/STM32F4xx_HAL_Driver/Src/stm32f4xx_hal_spi.o
                                      0xd8ee6 (size before relaxing)
 .debug_str     0x00000000000dfe4c      0x5fc ./Drivers/STM32F4xx_HAL_Driver/Src/stm32f4xx_hal_uart.o
                                      0xd903d (size before relaxing)

.debug_frame    0x0000000000000000     0x3f10
 .debug_frame   0x0000000000000000      0x308 ./Core/Src/main.o
 .debug_frame   0x0000000000000308      0x1f0 ./Core/Src/stm32f4xx_hal_msp.o
 .debug_frame   0x00000000000004f8      0x104 ./Core/Src/stm32f4xx_it.o
 .debug_frame   0x00000000000005fc       0x58 ./Core/Src/system_stm32f4xx.o
 .debug_frame   0x0000000000000654      0x374 ./Drivers/STM32F4xx_HAL_Driver/Src/stm32f4xx_hal.o
 .debug_frame   0x00000000000009c8      0x3fc ./Drivers/STM32F4xx_HAL_Driver/Src/stm32f4xx_hal_adc.o
 .debug_frame   0x0000000000000dc4      0x508 ./Drivers/STM32F4xx_HAL_Driver/Src/stm32f4xx_hal_cortex.o
 .debug_frame   0x00000000000012cc      0x14c ./Drivers/STM32F4xx_HAL_Driver/Src/stm32f4xx_hal_gpio.o
 .debug_frame   0x0000000000001418      0xc84 ./Drivers/STM32F4xx_HAL_Driver/Src/stm32f4xx_hal_i2c.o
 .debug_frame   0x000000000000209c      0x47c ./Drivers/STM32F4xx_HAL_Driver/Src/stm32f4xx_hal_i2s.o
 .debug_frame   0x0000000000002518      0x1f4 ./Drivers/STM32F4xx_HAL_Driver/Src/stm32f4xx_hal_rcc.o
 .debug_frame   0x000000000000270c      0x1e8 ./Drivers/STM32F4xx_HAL_Driver/Src/stm32f4xx_hal_rcc_ex.o
 .debug_frame   0x00000000000028f4      0x3f4 ./Drivers/STM32F4xx_HAL_Driver/Src/stm32f4xx_hal_rtc.o
 .debug_frame   0x0000000000002ce8      0x828 ./Drivers/STM32F4xx_HAL_Driver/Src/stm32f4xx_hal_spi.o
 .debug_frame   0x0000000000003510      0x954 ./Drivers/STM32F4xx_HAL_Driver/Src/stm32f4xx_hal_uart.o
 .debug_frame   0x0000000000003e64       0x20 C:/ST/STM32CubeIDE_1.14.1/STM32CubeIDE/plugins/com.st.stm32cube.ide.mcu.externaltools.gnu-tools-for-stm32.11.3.rel1.win32_1.1.100.202309141235/tools/bin/../lib/gcc/arm-none-eabi/11.3.1/../../../../arm-none-eabi/lib/thumb/v7e-m+fp/hard\libc_nano.a(libc_a-memset.o)
 .debug_frame   0x0000000000003e84       0x2c C:/ST/STM32CubeIDE_1.14.1/STM32CubeIDE/plugins/com.st.stm32cube.ide.mcu.externaltools.gnu-tools-for-stm32.11.3.rel1.win32_1.1.100.202309141235/tools/bin/../lib/gcc/arm-none-eabi/11.3.1/../../../../arm-none-eabi/lib/thumb/v7e-m+fp/hard\libc_nano.a(libc_a-init.o)
 .debug_frame   0x0000000000003eb0       0x2c C:/ST/STM32CubeIDE_1.14.1/STM32CubeIDE/plugins/com.st.stm32cube.ide.mcu.externaltools.gnu-tools-for-stm32.11.3.rel1.win32_1.1.100.202309141235/tools/bin/../lib/gcc/arm-none-eabi/11.3.1/thumb/v7e-m+fp/hard\libgcc.a(_aeabi_uldivmod.o)
 .debug_frame   0x0000000000003edc       0x34 C:/ST/STM32CubeIDE_1.14.1/STM32CubeIDE/plugins/com.st.stm32cube.ide.mcu.externaltools.gnu-tools-for-stm32.11.3.rel1.win32_1.1.100.202309141235/tools/bin/../lib/gcc/arm-none-eabi/11.3.1/thumb/v7e-m+fp/hard\libgcc.a(_udivmoddi4.o)

.debug_line_str
                0x0000000000000000       0x62
 .debug_line_str
                0x0000000000000000       0x62 ./Core/Startup/startup_stm32f446retx.o
                                         0x7a (size before relaxing)
